// Jest Snapshot v1, https://goo.gl/fbAQLP

exports[`Layout should render 1`] = `
.c0 {
  display: -webkit-box;
  display: -webkit-flex;
  display: -ms-flexbox;
  display: flex;
  -webkit-flex-wrap: wrap;
  -ms-flex-wrap: wrap;
  flex-wrap: wrap;
  list-style: none;
  margin: 0;
  padding: 0;
}

<div
  className="layout c0"
>
  Title
</div>
`;
